      1 3aa7ll-tools
      1 6ni3xg-test
      1 8gsiqa-dev
      1 8gsiqa-test
      1 9xrnfn-tools
      1 admgjk-tools
      1 ag-devops-lab-tools
      1 apdwlc-dev
      1 apdwlc-test
      1 apndkr-dev
      1 auzhsi-dev
      1 auzhsi-prod
      1 c2mvws-dev
      1 cailey-tools
      1 crraem-tools
      1 d7eovc-dev
      1 dbc-bcdc-dev
      1 dbc-cms-vis-test
      1 devex-von-bc-registries-agent-dev
      1 devex-von-bc-registries-agent-test
      1 devex-von-bc-tob-test
      1 devex-von-image-tools
      1 devex-von-prod
      1 devops-platform-support-prod
      1 dqszvc-test
      1 e5imao-prod
      1 empr-mds-prod
      1 esm-prod
      1 fsxqpf-prod
      1 fytirg-tools
      1 gcpe-citizenengagement-feedback-test
      1 gcpe-mygovbc-service-provider-dev
      1 gcpe-news-test
      1 hdhclr-dev
      1 hdhclr-tools
      1 iowaey-dev
      1 ixhmbm-dev
      1 jag-csb-edivorce-dev
      1 jco1qb-dev
      1 jhnamn-test
      1 jjrkby-dev
      1 jnznvm-dev
      1 l4izby-test
      1 l4ygcl-tools
      1 l8g1vt-dev
      1 mem-tfrs-dev
      1 mem-tfrs-test
      1 moe-gwells-tools
      1 netapp-test
      1 nrts-prc-dev
      1 ocio-isb-secnews-tools
      1 ocp101a-tools
      1 ontvon-von-ont-registries-agent-test
      1 pbiizm-tools
      1 perrsi-dev
      1 pjztlm-prod
      1 pjztlm-test
      1 pssg-cscp-vsd-dev
      1 q6qfzk-tools
      1 range-myra-dev
      1 range-myra-prod
      1 range-myra-test
      1 rqnyx8-test
      1 rrhcla-dev
      1 rtb-dms-dev
      1 steve-test
      1 tbiwaq-dev
      1 tran-schoolbus-dev
      1 tran-schoolbus-test
      1 wbmfsf-test
      1 whamor-dev
      1 whamor-prod
      1 whamor-tools
      1 wksv3k-tools
      1 wlev6y-test
      1 wuboml-prod
      1 wuboml-tools
      1 wyck1k-prod
      1 xqb2qz-tools
      1 xti26n-tools
      1 xxtzwx-tools
      1 yalhhm-tools
      1 yuumcs-dev
      1 zcd4ou-dev
      1 zffq6u-dev
      2 1rdehl-prod
      2 ag-pssg-is-dev
      2 ag-pssg-is-test
      2 agri-nmp-dev
      2 ak73dc-sandbox
      2 appsec-pathfinder-tools
      2 asuazq-prod
      2 b7cg3n-deploy
      2 c2mvws-tools
      2 cddi-dlt-tools
      2 crraem-test
      2 dbc-bcdc-tools
      2 devex-platform-test
      2 devex-von-bc-tob-dev
      2 devex-von-dev
      2 devex-von-test
      2 devops-2016
      2 esm-dev
      2 fp1bxb-tools
      2 gcpe-news-dev
      2 hak2zo-dev
      2 hak2zo-prod
      2 hmg6pw-prod
      2 hswww8-dev
      2 jcxjin-test
      2 jhnamn-tools
      2 l4izby-dev
      2 l9fjgg-tools
      2 lclb-cllc-prod
      2 lclymn-dev
      2 nrts-prc-tools
      2 pbuo5q-prod
      2 perrsi-tools
      2 rrhcla-tools
      2 rtb-dms-tools
      2 wbmfsf-dev
      2 wlev6y-dev
      2 wp9gel-dev
      2 wp9gel-tools
      2 wyck1k-test
      2 yyjqpa-tools
      3 1rdehl-test
      3 asuazq-tools
      3 bfpeyx-prod
      3 crraem-prod
      3 csnr-devops-lab-tools
      3 dbc-bcdc-test
      3 devops-sandbox-dev
      3 dqszvc-prod
      3 esm-test
      3 frjeow-test
      3 frjeow-tools
      3 gcpe-mygovbc-demo
      3 gcpe-mygovbc-msp-tools
      3 gl2uos-tools
      3 hswww8-tools
      3 jag-shuber-tools
      3 jcxjin-tools
      3 oabrei-dev
      3 ocio-isb-secnews-dev
      3 pbuo5q-dev
      3 pbuo5q-test
      3 rtb-dms-prod
      3 wyck1k-dev
      4 1rdehl-tools
      4 8ecbmv-test
      4 ag-devops-lab-deploy
      4 d7eovc-tools
      4 dqszvc-tools
      4 fp1bxb-dev
      4 ifttgq-tools
      4 kyrwwq-tools
      4 md4m71-test
      4 mem-mmti-prod
      4 pjztlm-tools
      4 pssg-cscp-vsd-tools
      4 q6qfzk-dev
      4 qjtfov-tools
      4 r5sc6a-dev
      4 rejspb-dev
      4 txkggj-tools
      4 wyck1k-tools
      5 6ni3xg-dev
      5 e5imao-test
      5 fsxqpf-dev
      5 gcpe-news-tools
      5 ggpixq-tools
      5 iarjfo-tools
      5 jik2hd-test
      5 nbup6o-test
      5 nrts-prc-prod
      5 qjtfov-dev
      5 r5sc6a-test
      5 rtb-dms-test
      5 zbam91-tools
      6 frjeow-dev
      6 gl2uos-dev
      6 jik2hd-dev
      6 oabrei-test
      6 range-myra-tools
      7 9wbi3f-test
      7 devex-von-permitify-test
      7 esm
      7 l9fjgg-test
      7 yuumcs-tools
      8 empr-mds-tools
      8 l9fjgg-dev
      8 yuumcs-prod
      9 devex-von-tools
      9 ocp101a-dev
     10 agri-nmp-tools
     10 cddi-dlt-dev
     10 yuumcs-test
     11 l9fjgg-prod
     11 oabrei-prod
     12 bfpeyx-dev
     12 cailey-dev
     12 devhub-dev
     12 ocp101b-dev
     12 ocp101b-workbench
     13 empr-mds-dev
     13 lclb-cllc-test
     13 lclb-cllc-tools
     14 wiqfxv-tools
     15 servicebc-ne-dev
     16 servicebc-ne-prod
     17 dqszvc-dev
     18 servicebc-ne-test
     20 ntu9uh-tools
     23 devhub-tools
     71 cailey-test
